Archive member included to satisfy reference by file (symbol)

bsp/lib/libavrbsp.a(start.o)  (_start)
bsp/lib/libavrbsp.a(spi.o)    obj/main.o (spi_init)
bsp/lib/libavrbsp.a(usart.o)  obj/main.o (usart_init)
bsp/lib/libavrbsp.a(gpio.o)   bsp/lib/libavrbsp.a(spi.o) (gpio_init)
/home/botelhocpp/.platformio/packages/toolchain-atmelavr/bin/../lib/gcc/avr/7.3.0/avr5/libgcc.a(_copy_data.o)
                              obj/main.o (__do_copy_data)
/home/botelhocpp/.platformio/packages/toolchain-atmelavr/bin/../lib/gcc/avr/7.3.0/avr5/libgcc.a(_clear_bss.o)
                              obj/main.o (__do_clear_bss)
/home/botelhocpp/.platformio/packages/toolchain-atmelavr/bin/../lib/gcc/avr/7.3.0/../../../../avr/lib/avr5/libc.a(sprintf.o)
                              obj/main.o (sprintf)
/home/botelhocpp/.platformio/packages/toolchain-atmelavr/bin/../lib/gcc/avr/7.3.0/../../../../avr/lib/avr5/libc.a(vfprintf_std.o)
                              /home/botelhocpp/.platformio/packages/toolchain-atmelavr/bin/../lib/gcc/avr/7.3.0/../../../../avr/lib/avr5/libc.a(sprintf.o) (vfprintf)
/home/botelhocpp/.platformio/packages/toolchain-atmelavr/bin/../lib/gcc/avr/7.3.0/../../../../avr/lib/avr5/libc.a(strnlen_P.o)
                              /home/botelhocpp/.platformio/packages/toolchain-atmelavr/bin/../lib/gcc/avr/7.3.0/../../../../avr/lib/avr5/libc.a(vfprintf_std.o) (strnlen_P)
/home/botelhocpp/.platformio/packages/toolchain-atmelavr/bin/../lib/gcc/avr/7.3.0/../../../../avr/lib/avr5/libc.a(strnlen.o)
                              /home/botelhocpp/.platformio/packages/toolchain-atmelavr/bin/../lib/gcc/avr/7.3.0/../../../../avr/lib/avr5/libc.a(vfprintf_std.o) (strnlen)
/home/botelhocpp/.platformio/packages/toolchain-atmelavr/bin/../lib/gcc/avr/7.3.0/../../../../avr/lib/avr5/libc.a(fputc.o)
                              /home/botelhocpp/.platformio/packages/toolchain-atmelavr/bin/../lib/gcc/avr/7.3.0/../../../../avr/lib/avr5/libc.a(vfprintf_std.o) (fputc)
/home/botelhocpp/.platformio/packages/toolchain-atmelavr/bin/../lib/gcc/avr/7.3.0/../../../../avr/lib/avr5/libc.a(ultoa_invert.o)
                              /home/botelhocpp/.platformio/packages/toolchain-atmelavr/bin/../lib/gcc/avr/7.3.0/../../../../avr/lib/avr5/libc.a(vfprintf_std.o) (__ultoa_invert)
/home/botelhocpp/.platformio/packages/toolchain-atmelavr/bin/../lib/gcc/avr/7.3.0/avr5/libgcc.a(_prologue.o)
                              /home/botelhocpp/.platformio/packages/toolchain-atmelavr/bin/../lib/gcc/avr/7.3.0/../../../../avr/lib/avr5/libc.a(sprintf.o) (__prologue_saves__)
/home/botelhocpp/.platformio/packages/toolchain-atmelavr/bin/../lib/gcc/avr/7.3.0/avr5/libgcc.a(_epilogue.o)
                              /home/botelhocpp/.platformio/packages/toolchain-atmelavr/bin/../lib/gcc/avr/7.3.0/../../../../avr/lib/avr5/libc.a(sprintf.o) (__epilogue_restores__)

Allocating common symbols
Common symbol       size              file

buffer              0x64              obj/main.o

Memory Configuration

Name             Origin             Length             Attributes
FLASH            0x0000000000000000 0x0000000000008000 xr
SRAM             0x0000000000800100 0x0000000000000800 rw !x
*default*        0x0000000000000000 0xffffffffffffffff

Linker script and memory map

Address of section .data set to 0x800100
                0x00000000008008ff                PROVIDE (__stack_top, ((ORIGIN (SRAM) + LENGTH (SRAM)) - 0x1))

.text           0x0000000000000000      0x4c6
 *(.vectors)
 .vectors       0x0000000000000000       0x68 bsp/lib/libavrbsp.a(start.o)
                0x0000000000000068                . = ALIGN (0x2)
 *(.text)
 .text          0x0000000000000068       0x50 obj/main.o
 .text          0x00000000000000b8       0x4c bsp/lib/libavrbsp.a(start.o)
                0x00000000000000b8                _start
                0x00000000000000d0                __copy_data
                0x00000000000000ea                __clear_bss
                0x0000000000000100                __vector_TIMER0_OVF_ISR
                0x0000000000000100                __dummy_function
                0x0000000000000100                __vector_INT1_ISR
                0x0000000000000100                __vector_SPM_READY_ISR
                0x0000000000000100                __vector_TIMER1_CAPT_ISR
                0x0000000000000100                __vector_EE_READY_ISR
                0x0000000000000100                __vector_TWI_ISR
                0x0000000000000100                __vector_TIMER2_COMPA_ISR
                0x0000000000000100                __vector_ANALOG_COMP_ISR
                0x0000000000000100                __vector_INT0_ISR
                0x0000000000000100                __vector_TIMER1_OVF_ISR
                0x0000000000000100                __vector_ADC_ISR
                0x0000000000000100                __vector_USART_TX_ISR
                0x0000000000000100                __vector_SPI_STC_ISR
                0x0000000000000100                __vector_TIMER0_COMPA_ISR
                0x0000000000000100                __vector_PCINT2_ISR
                0x0000000000000100                __vector_USART_UDRE_ISR
                0x0000000000000100                __vector_TIMER1_COMPA_ISR
                0x0000000000000100                __vector_PCINT1_ISR
                0x0000000000000100                __vector_WDT_ISR
                0x0000000000000100                __vector_TIMER2_COMPB_ISR
                0x0000000000000100                __vector_TIMER0_COMPB_ISR
                0x0000000000000100                __vector_PCINT0_ISR
                0x0000000000000100                __vector_USART_RX_ISR
                0x0000000000000100                __vector_TIMER1_COMPB_ISR
                0x0000000000000100                __vector_TIMER2_OVF_ISR
 .text          0x0000000000000104      0x13e bsp/lib/libavrbsp.a(spi.o)
                0x0000000000000104                spi_enable
                0x000000000000010c                spi_disable
                0x0000000000000114                spi_set_mode
                0x0000000000000126                spi_set_clock_mode
                0x0000000000000146                spi_set_prescaler
                0x0000000000000168                spi_set_data_order
                0x000000000000017a                spi_enable_interrupt
                0x0000000000000182                spi_disable_interrupt
                0x000000000000018a                spi_init
                0x0000000000000204                spi_write
                0x0000000000000208                spi_read
                0x000000000000020c                spi_config_chip_select
                0x0000000000000214                spi_enable_chip_select
                0x000000000000021a                spi_disable_chip_select
                0x0000000000000220                spi_check_completion
                0x000000000000022a                spi_transfer
                0x0000000000000238                spi_check_collision
 .text          0x0000000000000242      0x164 bsp/lib/libavrbsp.a(usart.o)
                0x0000000000000242                usart_enable_interrupt
                0x0000000000000260                usart_init
                0x00000000000002a2                usart_disable_interrupt
                0x00000000000002c2                usart_write
                0x00000000000002c8                usart_read
                0x00000000000002ce                usart_has_data
                0x00000000000002da                usart_is_empty
                0x00000000000002e6                usart_write_blocking
                0x00000000000002fa                usart_read_blocking
                0x0000000000000308                usart_write_string_blocking
                0x0000000000000320                usart_read_string_blocking
                0x0000000000000352                usart_scan
 .text          0x00000000000003a6      0x120 bsp/lib/libavrbsp.a(gpio.o)
                0x00000000000003a6                gpio_init
                0x000000000000042e                gpio_write
                0x0000000000000466                gpio_toggle
                0x0000000000000496                gpio_read
 .text          0x00000000000004c6        0x0 /home/botelhocpp/.platformio/packages/toolchain-atmelavr/bin/../lib/gcc/avr/7.3.0/avr5/libgcc.a(_copy_data.o)
 .text          0x00000000000004c6        0x0 /home/botelhocpp/.platformio/packages/toolchain-atmelavr/bin/../lib/gcc/avr/7.3.0/avr5/libgcc.a(_clear_bss.o)
 .text          0x00000000000004c6        0x0 /home/botelhocpp/.platformio/packages/toolchain-atmelavr/bin/../lib/gcc/avr/7.3.0/../../../../avr/lib/avr5/libc.a(sprintf.o)
 .text          0x00000000000004c6        0x0 /home/botelhocpp/.platformio/packages/toolchain-atmelavr/bin/../lib/gcc/avr/7.3.0/../../../../avr/lib/avr5/libc.a(vfprintf_std.o)
 .text          0x00000000000004c6        0x0 /home/botelhocpp/.platformio/packages/toolchain-atmelavr/bin/../lib/gcc/avr/7.3.0/../../../../avr/lib/avr5/libc.a(strnlen_P.o)
 .text          0x00000000000004c6        0x0 /home/botelhocpp/.platformio/packages/toolchain-atmelavr/bin/../lib/gcc/avr/7.3.0/../../../../avr/lib/avr5/libc.a(strnlen.o)
 .text          0x00000000000004c6        0x0 /home/botelhocpp/.platformio/packages/toolchain-atmelavr/bin/../lib/gcc/avr/7.3.0/../../../../avr/lib/avr5/libc.a(fputc.o)
 .text          0x00000000000004c6        0x0 /home/botelhocpp/.platformio/packages/toolchain-atmelavr/bin/../lib/gcc/avr/7.3.0/../../../../avr/lib/avr5/libc.a(ultoa_invert.o)
 .text          0x00000000000004c6        0x0 /home/botelhocpp/.platformio/packages/toolchain-atmelavr/bin/../lib/gcc/avr/7.3.0/avr5/libgcc.a(_prologue.o)
 .text          0x00000000000004c6        0x0 /home/botelhocpp/.platformio/packages/toolchain-atmelavr/bin/../lib/gcc/avr/7.3.0/avr5/libgcc.a(_epilogue.o)
                0x0000000000000be2                PROVIDE (__data_load_start, LOADADDR (.data))

.trampolines    0x00000000000004c6        0x0
 .trampolines   0x00000000000004c6        0x0 linker stubs

.text.startup   0x00000000000004c6      0x146
 .text.startup  0x00000000000004c6      0x146 obj/main.o
                0x00000000000004c6                main

.text.libgcc.mul
                0x000000000000060c        0x0
 .text.libgcc.mul
                0x000000000000060c        0x0 /home/botelhocpp/.platformio/packages/toolchain-atmelavr/bin/../lib/gcc/avr/7.3.0/avr5/libgcc.a(_copy_data.o)
 .text.libgcc.mul
                0x000000000000060c        0x0 /home/botelhocpp/.platformio/packages/toolchain-atmelavr/bin/../lib/gcc/avr/7.3.0/avr5/libgcc.a(_clear_bss.o)
 .text.libgcc.mul
                0x000000000000060c        0x0 /home/botelhocpp/.platformio/packages/toolchain-atmelavr/bin/../lib/gcc/avr/7.3.0/avr5/libgcc.a(_prologue.o)
 .text.libgcc.mul
                0x000000000000060c        0x0 /home/botelhocpp/.platformio/packages/toolchain-atmelavr/bin/../lib/gcc/avr/7.3.0/avr5/libgcc.a(_epilogue.o)

.text.libgcc.div
                0x000000000000060c        0x0
 .text.libgcc.div
                0x000000000000060c        0x0 /home/botelhocpp/.platformio/packages/toolchain-atmelavr/bin/../lib/gcc/avr/7.3.0/avr5/libgcc.a(_copy_data.o)
 .text.libgcc.div
                0x000000000000060c        0x0 /home/botelhocpp/.platformio/packages/toolchain-atmelavr/bin/../lib/gcc/avr/7.3.0/avr5/libgcc.a(_clear_bss.o)
 .text.libgcc.div
                0x000000000000060c        0x0 /home/botelhocpp/.platformio/packages/toolchain-atmelavr/bin/../lib/gcc/avr/7.3.0/avr5/libgcc.a(_prologue.o)
 .text.libgcc.div
                0x000000000000060c        0x0 /home/botelhocpp/.platformio/packages/toolchain-atmelavr/bin/../lib/gcc/avr/7.3.0/avr5/libgcc.a(_epilogue.o)

.text.libgcc    0x000000000000060c        0x0
 .text.libgcc   0x000000000000060c        0x0 /home/botelhocpp/.platformio/packages/toolchain-atmelavr/bin/../lib/gcc/avr/7.3.0/avr5/libgcc.a(_copy_data.o)
 .text.libgcc   0x000000000000060c        0x0 /home/botelhocpp/.platformio/packages/toolchain-atmelavr/bin/../lib/gcc/avr/7.3.0/avr5/libgcc.a(_clear_bss.o)
 .text.libgcc   0x000000000000060c        0x0 /home/botelhocpp/.platformio/packages/toolchain-atmelavr/bin/../lib/gcc/avr/7.3.0/avr5/libgcc.a(_prologue.o)
 .text.libgcc   0x000000000000060c        0x0 /home/botelhocpp/.platformio/packages/toolchain-atmelavr/bin/../lib/gcc/avr/7.3.0/avr5/libgcc.a(_epilogue.o)

.text.libgcc.prologue
                0x000000000000060c       0x6e
 .text.libgcc.prologue
                0x000000000000060c        0x0 /home/botelhocpp/.platformio/packages/toolchain-atmelavr/bin/../lib/gcc/avr/7.3.0/avr5/libgcc.a(_copy_data.o)
 .text.libgcc.prologue
                0x000000000000060c        0x0 /home/botelhocpp/.platformio/packages/toolchain-atmelavr/bin/../lib/gcc/avr/7.3.0/avr5/libgcc.a(_clear_bss.o)
 .text.libgcc.prologue
                0x000000000000060c       0x38 /home/botelhocpp/.platformio/packages/toolchain-atmelavr/bin/../lib/gcc/avr/7.3.0/avr5/libgcc.a(_prologue.o)
                0x000000000000060c                __prologue_saves__
 .text.libgcc.prologue
                0x0000000000000644       0x36 /home/botelhocpp/.platformio/packages/toolchain-atmelavr/bin/../lib/gcc/avr/7.3.0/avr5/libgcc.a(_epilogue.o)
                0x0000000000000644                __epilogue_restores__

.init4          0x000000000000067a       0x26
 .init4         0x000000000000067a       0x16 /home/botelhocpp/.platformio/packages/toolchain-atmelavr/bin/../lib/gcc/avr/7.3.0/avr5/libgcc.a(_copy_data.o)
                0x000000000000067a                __do_copy_data
 .init4         0x0000000000000690       0x10 /home/botelhocpp/.platformio/packages/toolchain-atmelavr/bin/../lib/gcc/avr/7.3.0/avr5/libgcc.a(_clear_bss.o)
                0x0000000000000690                __do_clear_bss

.text.libgcc.builtins
                0x00000000000006a0        0x0
 .text.libgcc.builtins
                0x00000000000006a0        0x0 /home/botelhocpp/.platformio/packages/toolchain-atmelavr/bin/../lib/gcc/avr/7.3.0/avr5/libgcc.a(_copy_data.o)
 .text.libgcc.builtins
                0x00000000000006a0        0x0 /home/botelhocpp/.platformio/packages/toolchain-atmelavr/bin/../lib/gcc/avr/7.3.0/avr5/libgcc.a(_clear_bss.o)
 .text.libgcc.builtins
                0x00000000000006a0        0x0 /home/botelhocpp/.platformio/packages/toolchain-atmelavr/bin/../lib/gcc/avr/7.3.0/avr5/libgcc.a(_prologue.o)
 .text.libgcc.builtins
                0x00000000000006a0        0x0 /home/botelhocpp/.platformio/packages/toolchain-atmelavr/bin/../lib/gcc/avr/7.3.0/avr5/libgcc.a(_epilogue.o)

.text.libgcc.fmul
                0x00000000000006a0        0x0
 .text.libgcc.fmul
                0x00000000000006a0        0x0 /home/botelhocpp/.platformio/packages/toolchain-atmelavr/bin/../lib/gcc/avr/7.3.0/avr5/libgcc.a(_copy_data.o)
 .text.libgcc.fmul
                0x00000000000006a0        0x0 /home/botelhocpp/.platformio/packages/toolchain-atmelavr/bin/../lib/gcc/avr/7.3.0/avr5/libgcc.a(_clear_bss.o)
 .text.libgcc.fmul
                0x00000000000006a0        0x0 /home/botelhocpp/.platformio/packages/toolchain-atmelavr/bin/../lib/gcc/avr/7.3.0/avr5/libgcc.a(_prologue.o)
 .text.libgcc.fmul
                0x00000000000006a0        0x0 /home/botelhocpp/.platformio/packages/toolchain-atmelavr/bin/../lib/gcc/avr/7.3.0/avr5/libgcc.a(_epilogue.o)

.text.libgcc.fixed
                0x00000000000006a0        0x0
 .text.libgcc.fixed
                0x00000000000006a0        0x0 /home/botelhocpp/.platformio/packages/toolchain-atmelavr/bin/../lib/gcc/avr/7.3.0/avr5/libgcc.a(_copy_data.o)
 .text.libgcc.fixed
                0x00000000000006a0        0x0 /home/botelhocpp/.platformio/packages/toolchain-atmelavr/bin/../lib/gcc/avr/7.3.0/avr5/libgcc.a(_clear_bss.o)
 .text.libgcc.fixed
                0x00000000000006a0        0x0 /home/botelhocpp/.platformio/packages/toolchain-atmelavr/bin/../lib/gcc/avr/7.3.0/avr5/libgcc.a(_prologue.o)
 .text.libgcc.fixed
                0x00000000000006a0        0x0 /home/botelhocpp/.platformio/packages/toolchain-atmelavr/bin/../lib/gcc/avr/7.3.0/avr5/libgcc.a(_epilogue.o)

.text.avr-libc  0x00000000000006a0      0x542
 .text.avr-libc
                0x00000000000006a0       0x46 /home/botelhocpp/.platformio/packages/toolchain-atmelavr/bin/../lib/gcc/avr/7.3.0/../../../../avr/lib/avr5/libc.a(sprintf.o)
                0x00000000000006a0                sprintf
 .text.avr-libc
                0x00000000000006e6      0x3b4 /home/botelhocpp/.platformio/packages/toolchain-atmelavr/bin/../lib/gcc/avr/7.3.0/../../../../avr/lib/avr5/libc.a(vfprintf_std.o)
                0x00000000000006e6                vfprintf
 .text.avr-libc
                0x0000000000000a9a       0x16 /home/botelhocpp/.platformio/packages/toolchain-atmelavr/bin/../lib/gcc/avr/7.3.0/../../../../avr/lib/avr5/libc.a(strnlen_P.o)
                0x0000000000000a9a                strnlen_P
 .text.avr-libc
                0x0000000000000ab0       0x16 /home/botelhocpp/.platformio/packages/toolchain-atmelavr/bin/../lib/gcc/avr/7.3.0/../../../../avr/lib/avr5/libc.a(strnlen.o)
                0x0000000000000ab0                strnlen
 .text.avr-libc
                0x0000000000000ac6       0x60 /home/botelhocpp/.platformio/packages/toolchain-atmelavr/bin/../lib/gcc/avr/7.3.0/../../../../avr/lib/avr5/libc.a(fputc.o)
                0x0000000000000ac6                fputc
 .text.avr-libc
                0x0000000000000b26       0xbc /home/botelhocpp/.platformio/packages/toolchain-atmelavr/bin/../lib/gcc/avr/7.3.0/../../../../avr/lib/avr5/libc.a(ultoa_invert.o)
                0x0000000000000b26                __ultoa_invert

.data           0x0000000000800100       0xa8 load address 0x0000000000000be2
                0x0000000000800100                PROVIDE (__data_start, .)
 *(.data)
 .data          0x0000000000800100        0x0 obj/main.o
 .data          0x0000000000800100        0x0 bsp/lib/libavrbsp.a(start.o)
 .data          0x0000000000800100        0x0 bsp/lib/libavrbsp.a(spi.o)
 .data          0x0000000000800100        0x0 bsp/lib/libavrbsp.a(usart.o)
 .data          0x0000000000800100        0x0 bsp/lib/libavrbsp.a(gpio.o)
 .data          0x0000000000800100        0x0 /home/botelhocpp/.platformio/packages/toolchain-atmelavr/bin/../lib/gcc/avr/7.3.0/avr5/libgcc.a(_copy_data.o)
 .data          0x0000000000800100        0x0 /home/botelhocpp/.platformio/packages/toolchain-atmelavr/bin/../lib/gcc/avr/7.3.0/avr5/libgcc.a(_clear_bss.o)
 .data          0x0000000000800100        0x0 /home/botelhocpp/.platformio/packages/toolchain-atmelavr/bin/../lib/gcc/avr/7.3.0/../../../../avr/lib/avr5/libc.a(sprintf.o)
 .data          0x0000000000800100        0x0 /home/botelhocpp/.platformio/packages/toolchain-atmelavr/bin/../lib/gcc/avr/7.3.0/../../../../avr/lib/avr5/libc.a(vfprintf_std.o)
 .data          0x0000000000800100        0x0 /home/botelhocpp/.platformio/packages/toolchain-atmelavr/bin/../lib/gcc/avr/7.3.0/../../../../avr/lib/avr5/libc.a(strnlen_P.o)
 .data          0x0000000000800100        0x0 /home/botelhocpp/.platformio/packages/toolchain-atmelavr/bin/../lib/gcc/avr/7.3.0/../../../../avr/lib/avr5/libc.a(strnlen.o)
 .data          0x0000000000800100        0x0 /home/botelhocpp/.platformio/packages/toolchain-atmelavr/bin/../lib/gcc/avr/7.3.0/../../../../avr/lib/avr5/libc.a(fputc.o)
 .data          0x0000000000800100        0x0 /home/botelhocpp/.platformio/packages/toolchain-atmelavr/bin/../lib/gcc/avr/7.3.0/../../../../avr/lib/avr5/libc.a(ultoa_invert.o)
 .data          0x0000000000800100        0x0 /home/botelhocpp/.platformio/packages/toolchain-atmelavr/bin/../lib/gcc/avr/7.3.0/avr5/libgcc.a(_prologue.o)
 .data          0x0000000000800100        0x0 /home/botelhocpp/.platformio/packages/toolchain-atmelavr/bin/../lib/gcc/avr/7.3.0/avr5/libgcc.a(_epilogue.o)
 *(.rodata)
 .rodata        0x0000000000800100        0x3 obj/main.o
                0x0000000000800100                SPI_SS
 .rodata        0x0000000000800103        0x9 bsp/lib/libavrbsp.a(spi.o)
                0x0000000000800103                SPI_MOSI
                0x0000000000800106                SPI_MISO
                0x0000000000800109                SPI_SCK
 .rodata        0x000000000080010c        0xc bsp/lib/libavrbsp.a(usart.o)
                0x000000000080010c                baud_rates
 .rodata        0x0000000000800118       0x12 bsp/lib/libavrbsp.a(gpio.o)
                0x0000000000800118                GPIO_PIN_REGS
                0x000000000080011e                GPIO_DDR_REGS
                0x0000000000800124                GPIO_PORT_REGS
 *(.rodata)
 *(.rodata*)
 .rodata.str1.1
                0x000000000080012a       0x7e obj/main.o
                0x00000000008001a8                PROVIDE (__data_end, .)

.bss            0x00000000008001a8       0x64 load address 0x0000000000000c8a
                0x00000000008001a8                PROVIDE (__bss_start, .)
 *(.bss)
 .bss           0x00000000008001a8        0x0 obj/main.o
 .bss           0x00000000008001a8        0x0 bsp/lib/libavrbsp.a(start.o)
 .bss           0x00000000008001a8        0x0 bsp/lib/libavrbsp.a(spi.o)
 .bss           0x00000000008001a8        0x0 bsp/lib/libavrbsp.a(usart.o)
 .bss           0x00000000008001a8        0x0 bsp/lib/libavrbsp.a(gpio.o)
 .bss           0x00000000008001a8        0x0 /home/botelhocpp/.platformio/packages/toolchain-atmelavr/bin/../lib/gcc/avr/7.3.0/avr5/libgcc.a(_copy_data.o)
 .bss           0x00000000008001a8        0x0 /home/botelhocpp/.platformio/packages/toolchain-atmelavr/bin/../lib/gcc/avr/7.3.0/avr5/libgcc.a(_clear_bss.o)
 .bss           0x00000000008001a8        0x0 /home/botelhocpp/.platformio/packages/toolchain-atmelavr/bin/../lib/gcc/avr/7.3.0/../../../../avr/lib/avr5/libc.a(sprintf.o)
 .bss           0x00000000008001a8        0x0 /home/botelhocpp/.platformio/packages/toolchain-atmelavr/bin/../lib/gcc/avr/7.3.0/../../../../avr/lib/avr5/libc.a(vfprintf_std.o)
 .bss           0x00000000008001a8        0x0 /home/botelhocpp/.platformio/packages/toolchain-atmelavr/bin/../lib/gcc/avr/7.3.0/../../../../avr/lib/avr5/libc.a(strnlen_P.o)
 .bss           0x00000000008001a8        0x0 /home/botelhocpp/.platformio/packages/toolchain-atmelavr/bin/../lib/gcc/avr/7.3.0/../../../../avr/lib/avr5/libc.a(strnlen.o)
 .bss           0x00000000008001a8        0x0 /home/botelhocpp/.platformio/packages/toolchain-atmelavr/bin/../lib/gcc/avr/7.3.0/../../../../avr/lib/avr5/libc.a(fputc.o)
 .bss           0x00000000008001a8        0x0 /home/botelhocpp/.platformio/packages/toolchain-atmelavr/bin/../lib/gcc/avr/7.3.0/../../../../avr/lib/avr5/libc.a(ultoa_invert.o)
 .bss           0x00000000008001a8        0x0 /home/botelhocpp/.platformio/packages/toolchain-atmelavr/bin/../lib/gcc/avr/7.3.0/avr5/libgcc.a(_prologue.o)
 .bss           0x00000000008001a8        0x0 /home/botelhocpp/.platformio/packages/toolchain-atmelavr/bin/../lib/gcc/avr/7.3.0/avr5/libgcc.a(_epilogue.o)
 *(.COMMON)
                0x00000000008001a8                PROVIDE (__bss_end, .)
 COMMON         0x00000000008001a8       0x64 obj/main.o
                0x00000000008001a8                buffer
LOAD obj/main.o
LOAD bsp/lib/libavrbsp.a
LOAD /home/botelhocpp/.platformio/packages/toolchain-atmelavr/bin/../lib/gcc/avr/7.3.0/avr5/libgcc.a
LOAD /home/botelhocpp/.platformio/packages/toolchain-atmelavr/bin/../lib/gcc/avr/7.3.0/../../../../avr/lib/avr5/libc.a
START GROUP
LOAD /home/botelhocpp/.platformio/packages/toolchain-atmelavr/bin/../lib/gcc/avr/7.3.0/avr5/libgcc.a
LOAD /home/botelhocpp/.platformio/packages/toolchain-atmelavr/bin/../lib/gcc/avr/7.3.0/../../../../avr/lib/avr5/libm.a
LOAD /home/botelhocpp/.platformio/packages/toolchain-atmelavr/bin/../lib/gcc/avr/7.3.0/../../../../avr/lib/avr5/libc.a
LOAD /home/botelhocpp/.platformio/packages/toolchain-atmelavr/bin/../lib/gcc/avr/7.3.0/../../../../avr/lib/avr5/libatmega328p.a
END GROUP
OUTPUT(obj/app.elf elf32-avr)
LOAD linker stubs

.comment        0x0000000000000000       0x11
 .comment       0x0000000000000000       0x11 obj/main.o
                                         0x12 (size before relaxing)
 .comment       0x0000000000000011       0x12 bsp/lib/libavrbsp.a(spi.o)
 .comment       0x0000000000000011       0x12 bsp/lib/libavrbsp.a(usart.o)
 .comment       0x0000000000000011       0x12 bsp/lib/libavrbsp.a(gpio.o)
 .comment       0x0000000000000011       0x12 /home/botelhocpp/.platformio/packages/toolchain-atmelavr/bin/../lib/gcc/avr/7.3.0/../../../../avr/lib/avr5/libc.a(sprintf.o)
 .comment       0x0000000000000011       0x12 /home/botelhocpp/.platformio/packages/toolchain-atmelavr/bin/../lib/gcc/avr/7.3.0/../../../../avr/lib/avr5/libc.a(vfprintf_std.o)
 .comment       0x0000000000000011       0x12 /home/botelhocpp/.platformio/packages/toolchain-atmelavr/bin/../lib/gcc/avr/7.3.0/../../../../avr/lib/avr5/libc.a(fputc.o)

.debug_line     0x0000000000000000      0x314
 .debug_line    0x0000000000000000       0x98 /home/botelhocpp/.platformio/packages/toolchain-atmelavr/bin/../lib/gcc/avr/7.3.0/avr5/libgcc.a(_copy_data.o)
 .debug_line    0x0000000000000098       0x86 /home/botelhocpp/.platformio/packages/toolchain-atmelavr/bin/../lib/gcc/avr/7.3.0/avr5/libgcc.a(_clear_bss.o)
 .debug_line    0x000000000000011e       0xfe /home/botelhocpp/.platformio/packages/toolchain-atmelavr/bin/../lib/gcc/avr/7.3.0/avr5/libgcc.a(_prologue.o)
 .debug_line    0x000000000000021c       0xf8 /home/botelhocpp/.platformio/packages/toolchain-atmelavr/bin/../lib/gcc/avr/7.3.0/avr5/libgcc.a(_epilogue.o)

.debug_info     0x0000000000000000      0x2ac
 .debug_info    0x0000000000000000       0xab /home/botelhocpp/.platformio/packages/toolchain-atmelavr/bin/../lib/gcc/avr/7.3.0/avr5/libgcc.a(_copy_data.o)
 .debug_info    0x00000000000000ab       0xab /home/botelhocpp/.platformio/packages/toolchain-atmelavr/bin/../lib/gcc/avr/7.3.0/avr5/libgcc.a(_clear_bss.o)
 .debug_info    0x0000000000000156       0xab /home/botelhocpp/.platformio/packages/toolchain-atmelavr/bin/../lib/gcc/avr/7.3.0/avr5/libgcc.a(_prologue.o)
 .debug_info    0x0000000000000201       0xab /home/botelhocpp/.platformio/packages/toolchain-atmelavr/bin/../lib/gcc/avr/7.3.0/avr5/libgcc.a(_epilogue.o)

.debug_abbrev   0x0000000000000000       0x50
 .debug_abbrev  0x0000000000000000       0x14 /home/botelhocpp/.platformio/packages/toolchain-atmelavr/bin/../lib/gcc/avr/7.3.0/avr5/libgcc.a(_copy_data.o)
 .debug_abbrev  0x0000000000000014       0x14 /home/botelhocpp/.platformio/packages/toolchain-atmelavr/bin/../lib/gcc/avr/7.3.0/avr5/libgcc.a(_clear_bss.o)
 .debug_abbrev  0x0000000000000028       0x14 /home/botelhocpp/.platformio/packages/toolchain-atmelavr/bin/../lib/gcc/avr/7.3.0/avr5/libgcc.a(_prologue.o)
 .debug_abbrev  0x000000000000003c       0x14 /home/botelhocpp/.platformio/packages/toolchain-atmelavr/bin/../lib/gcc/avr/7.3.0/avr5/libgcc.a(_epilogue.o)

.debug_aranges  0x0000000000000000       0x80
 .debug_aranges
                0x0000000000000000       0x20 /home/botelhocpp/.platformio/packages/toolchain-atmelavr/bin/../lib/gcc/avr/7.3.0/avr5/libgcc.a(_copy_data.o)
 .debug_aranges
                0x0000000000000020       0x20 /home/botelhocpp/.platformio/packages/toolchain-atmelavr/bin/../lib/gcc/avr/7.3.0/avr5/libgcc.a(_clear_bss.o)
 .debug_aranges
                0x0000000000000040       0x20 /home/botelhocpp/.platformio/packages/toolchain-atmelavr/bin/../lib/gcc/avr/7.3.0/avr5/libgcc.a(_prologue.o)
 .debug_aranges
                0x0000000000000060       0x20 /home/botelhocpp/.platformio/packages/toolchain-atmelavr/bin/../lib/gcc/avr/7.3.0/avr5/libgcc.a(_epilogue.o)
