Archive member included to satisfy reference by file (symbol)

bsp/lib/libavrbsp.a(start.o)  (_start)
bsp/lib/libavrbsp.a(gpio.o)   obj/main.o (gpio_init)
bsp/lib/libavrbsp.a(timer.o)  obj/main.o (timer_set_clock)
bsp/lib/libavrbsp.a(usart.o)  obj/main.o (usart_init)

Memory Configuration

Name             Origin             Length             Attributes
FLASH            0x0000000000000000 0x0000000000008000 xr
SRAM             0x0000000000800100 0x0000000000000800 rw !x
*default*        0x0000000000000000 0xffffffffffffffff

Linker script and memory map

Address of section .data set to 0x800100
                0x00000000008008ff                PROVIDE (__stack_top, ((ORIGIN (SRAM) + LENGTH (SRAM)) - 0x1))

.text           0x0000000000000000      0x592
 *(.vectors)
 .vectors       0x0000000000000000       0x68 bsp/lib/libavrbsp.a(start.o)
                0x0000000000000068                . = ALIGN (0x2)
 *(.text)
 .text          0x0000000000000068       0xee obj/main.o
                0x0000000000000068                __vector_TIMER0_COMPA_ISR
                0x0000000000000086                __vector_USART_RX_ISR
                0x00000000000000d8                __vector_USART_UDRE_ISR
 .text          0x0000000000000156       0x4c bsp/lib/libavrbsp.a(start.o)
                0x0000000000000156                _start
                0x000000000000016e                __copy_data
                0x0000000000000188                __clear_bss
                0x000000000000019e                __vector_TIMER0_OVF_ISR
                0x000000000000019e                __dummy_function
                0x000000000000019e                __vector_INT1_ISR
                0x000000000000019e                __vector_SPM_READY_ISR
                0x000000000000019e                __vector_TIMER1_CAPT_ISR
                0x000000000000019e                __vector_EE_READY_ISR
                0x000000000000019e                __vector_TWI_ISR
                0x000000000000019e                __vector_TIMER2_COMPA_ISR
                0x000000000000019e                __vector_ANALOG_COMP_ISR
                0x000000000000019e                __vector_INT0_ISR
                0x000000000000019e                __vector_TIMER1_OVF_ISR
                0x000000000000019e                __vector_USART_TX_ISR
                0x000000000000019e                __vector_SPI_STC_ISR
                0x000000000000019e                __vector_PCINT2_ISR
                0x000000000000019e                __vector_USART_ADC_ISR
                0x000000000000019e                __vector_TIMER1_COMPA_ISR
                0x000000000000019e                __vector_PCINT1_ISR
                0x000000000000019e                __vector_WDT_ISR
                0x000000000000019e                __vector_TIMER2_COMPB_ISR
                0x000000000000019e                __vector_TIMER0_COMPB_ISR
                0x000000000000019e                __vector_PCINT0_ISR
                0x000000000000019e                __vector_TIMER1_COMPB_ISR
                0x000000000000019e                __vector_TIMER2_OVF_ISR
 .text          0x00000000000001a2      0x120 bsp/lib/libavrbsp.a(gpio.o)
                0x00000000000001a2                gpio_init
                0x000000000000022a                gpio_write
                0x0000000000000262                gpio_toggle
                0x0000000000000292                gpio_read
 .text          0x00000000000002c2      0x1c0 bsp/lib/libavrbsp.a(timer.o)
                0x00000000000002c2                timer_set_clock
                0x00000000000002fc                timer_set_counter
                0x000000000000031a                timer_init
                0x000000000000038c                timer_set_input_compare_value
                0x000000000000039a                timer_set_output_compare_value
                0x00000000000003ce                timer_enable_interrupt
                0x00000000000003f2                timer_config_output_compare_channel
                0x000000000000045c                timer_disable_interrupt
 .text          0x0000000000000482      0x110 bsp/lib/libavrbsp.a(usart.o)
                0x0000000000000482                usart_enable_interrupt
                0x00000000000004a0                usart_init
                0x00000000000004e2                usart_disable_interrupt
                0x0000000000000502                usart_write
                0x0000000000000508                usart_read
                0x000000000000050e                usart_has_data
                0x000000000000051a                usart_is_empty
                0x0000000000000526                usart_write_blocking
                0x000000000000053a                usart_read_blocking
                0x0000000000000548                usart_write_string_blocking
                0x0000000000000560                usart_read_string_blocking
                0x000000000000071a                PROVIDE (__data_load_start, LOADADDR (.data))

.trampolines    0x0000000000000592        0x0
 .trampolines   0x0000000000000592        0x0 linker stubs

.text.startup   0x0000000000000592      0x188
 .text.startup  0x0000000000000592      0x188 obj/main.o
                0x0000000000000592                main

.data           0x0000000000800100       0x7c load address 0x000000000000071a
                0x0000000000800100                PROVIDE (__data_start, .)
 *(.data)
 .data          0x0000000000800100       0x13 obj/main.o
                0x0000000000800100                NOTES
                0x000000000080010e                welcome_message
 .data          0x0000000000800113        0x0 bsp/lib/libavrbsp.a(start.o)
 .data          0x0000000000800113        0x0 bsp/lib/libavrbsp.a(gpio.o)
 .data          0x0000000000800113        0x0 bsp/lib/libavrbsp.a(timer.o)
 .data          0x0000000000800113        0x0 bsp/lib/libavrbsp.a(usart.o)
 *(.rodata)
 .rodata        0x0000000000800113        0x9 obj/main.o
                0x0000000000800113                led
                0x0000000000800116                servo
                0x0000000000800119                buzzer
 .rodata        0x000000000080011c       0x12 bsp/lib/libavrbsp.a(gpio.o)
                0x000000000080011c                GPIO_PIN_REGS
                0x0000000000800122                GPIO_DDR_REGS
                0x0000000000800128                GPIO_PORT_REGS
 .rodata        0x000000000080012e       0x34 bsp/lib/libavrbsp.a(timer.o)
                0x0000000000800136                TIMER_WAVEFORM_MODE
                0x0000000000800138                TIMER_TIFR_REGS
                0x000000000080013e                TIMER_TIMSK_REGS
                0x0000000000800144                TIMER_OCRB_REGS
                0x000000000080014a                TIMER_OCRA_REGS
                0x0000000000800150                TIMER_TCNT_REGS
                0x0000000000800156                TIMER_TCCRB_REGS
                0x000000000080015c                TIMER_TCCRA_REGS
 .rodata        0x0000000000800162        0xc bsp/lib/libavrbsp.a(usart.o)
                0x0000000000800162                baud_rates
 *(.rodata)
 *(.rodata*)
 .rodata.str1.1
                0x000000000080016e        0xe obj/main.o
                0x000000000080017c                PROVIDE (__data_end, .)

.bss            0x000000000080017c        0x3 load address 0x0000000000000796
                0x000000000080017c                PROVIDE (__bss_start, .)
 *(.bss)
 .bss           0x000000000080017c        0x3 obj/main.o
                0x000000000080017c                tick_timer_1ms
                0x000000000080017d                rx_done
                0x000000000080017e                rx_buffer
 .bss           0x000000000080017f        0x0 bsp/lib/libavrbsp.a(start.o)
 .bss           0x000000000080017f        0x0 bsp/lib/libavrbsp.a(gpio.o)
 .bss           0x000000000080017f        0x0 bsp/lib/libavrbsp.a(timer.o)
 .bss           0x000000000080017f        0x0 bsp/lib/libavrbsp.a(usart.o)
 *(.COMMON)
                0x000000000080017f                PROVIDE (__bss_end, .)
LOAD obj/main.o
LOAD bsp/lib/libavrbsp.a
OUTPUT(obj/app.elf elf32-avr)
LOAD linker stubs

.comment        0x0000000000000000       0x11
 .comment       0x0000000000000000       0x11 obj/main.o
                                         0x12 (size before relaxing)
 .comment       0x0000000000000011       0x12 bsp/lib/libavrbsp.a(gpio.o)
 .comment       0x0000000000000011       0x12 bsp/lib/libavrbsp.a(timer.o)
 .comment       0x0000000000000011       0x12 bsp/lib/libavrbsp.a(usart.o)
